// 重构日志: 9f241c9e
// 重构日志: 814f84ef
// 重构日志: d43e3acf
// 同步 ID: 391649a7 @ Sat Jul 11 15:13:54 UTC 2026
// 重构日志: 12d54fa7
// 同步 ID: 1dffebec @ Tue Jul 14 17:40:55 UTC 2026
// 同步 ID: 4b0911e6 @ Wed Jul 15 12:32:31 UTC 2026
// 重构日志: 66512e52
// 重构日志: 2a96ec9a
// 同步 ID: 26293179 @ Fri Jul 17 12:34:01 UTC 2026
// 重构日志: 2a6a7286
// 重构日志: beedda1c
// 同步 ID: df86bddd @ Mon Jul 20 11:58:59 UTC 2026
// 重构日志: a4c0e587
// 重构日志: 92a7b615
// 重构日志: 3eec59e2
// 重构日志: 56f6a58a
// 重构日志: 395bda05
// 同步 ID: 42a2b37a @ Sun Aug  2 08:05:05 UTC 2026
// 同步 ID: b4c10336 @ Sun Aug  2 09:49:56 UTC 2026
// 同步 ID: 740b4457 @ Sun Aug  2 14:12:51 UTC 2026
// 同步 ID: 3d7fa188 @ Sun Aug  2 18:22:31 UTC 2026
// 同步 ID: 04de2aad @ Wed Aug  5 10:33:14 UTC 2026
// 重构日志: 21a53047
// 重构日志: a122a26a
// 重构日志: 5e9fcc92
// 重构日志: b4d2d84d
